[BOT-INFO] >>> ROUND 1: SPEED MCQ (Top 3 qualify) <<<
[BOT] Player3 received Q (Type 0)
[BOT] Player3 answering: B
[BOT] Player3 received Q (Type 0)
[BOT] Player3 answering: C
[BOT] Player3 received Q (Type 0)
[BOT] Player3 answering: A
[BOT] Player3 received Q (Type 0)
[BOT] Player3 answering: A
[BOT] Player3 received Q (Type 0)
[BOT] Player3 answering: C
[BOT-INFO] Player1 has been eliminated.
[BOT-INFO] Player5 has been eliminated.
[BOT-INFO] HostBot has been eliminated.
[BOT-INFO] >>> ROUND 2: SEMANTIC TEXT (Top 2 qualify) <<<
[BOT] Player3 received Q (Type 1)
[BOT] Player3 answering: TestAnswer
[BOT] Player3 received Q (Type 1)
[BOT] Player3 answering: TestAnswer
[BOT] Player3 received Q (Type 1)
[BOT] Player3 answering: TestAnswer
[BOT-INFO] Player2 has been eliminated.
[BOT-INFO] >>> ROUND 3: ESTIMATION FINAL <<<
[BOT] Player3 received Q (Type 2)
[BOT] Player3 answering: 1941
[BOT] Player3 received Q (Type 2)
[BOT] Player3 answering: 1965
[BOT] Game Over.
