[BOT-INFO] >>> ROUND 1: SPEED MCQ (Top 3 qualify) <<<
[BOT] Player4 received Q (Type 0)
[BOT] Player4 answering: D
[BOT] Player4 received Q (Type 0)
[BOT] Player4 answering: A
[BOT] Player4 received Q (Type 0)
[BOT] Player4 answering: D
[BOT] Player4 received Q (Type 0)
[BOT] Player4 answering: B
[BOT] Player4 received Q (Type 0)
[BOT] Player4 answering: B
[BOT-INFO] Player1 has been eliminated.
[BOT-INFO] Player5 has been eliminated.
[BOT-INFO] HostBot has been eliminated.
[BOT-INFO] >>> ROUND 2: SEMANTIC TEXT (Top 2 qualify) <<<
[BOT] Player4 received Q (Type 1)
[BOT] Player4 answering: TestAnswer
[BOT] Player4 received Q (Type 1)
[BOT] Player4 answering: TestAnswer
[BOT] Player4 received Q (Type 1)
[BOT] Player4 answering: TestAnswer
[BOT-INFO] Player2 has been eliminated.
[BOT-INFO] >>> ROUND 3: ESTIMATION FINAL <<<
[BOT] Player4 received Q (Type 2)
[BOT] Player4 answering: 1944
[BOT] Player4 received Q (Type 2)
[BOT] Player4 answering: 1925
[BOT] Game Over.
