[BOT-INFO] >>> ROUND 1: SPEED MCQ (Top 3 qualify) <<<
[BOT] Player5 received Q (Type 0)
[BOT] Player5 answering: A
[BOT] Player5 received Q (Type 0)
[BOT] Player5 answering: B
[BOT] Player5 received Q (Type 0)
[BOT] Player5 answering: A
[BOT] Player5 received Q (Type 0)
[BOT] Player5 answering: D
[BOT] Player5 received Q (Type 0)
[BOT] Player5 answering: C
[BOT-INFO] Player3 has been eliminated.
[BOT-INFO] Player1 has been eliminated.
[BOT-INFO] Player2 has been eliminated.
[BOT-INFO] >>> ROUND 2: SEMANTIC TEXT (Top 2 qualify) <<<
[BOT] Player5 received Q (Type 1)
[BOT] Player5 answering: TestAnswer
[BOT] Player5 received Q (Type 1)
[BOT] Player5 answering: TestAnswer
[BOT] Player5 received Q (Type 1)
[BOT] Player5 answering: TestAnswer
[BOT-INFO] [ELIMINATED] You did not qualify for the next round.
[BOT] Player5 eliminated. Quitting.
