[2026-01-04 14:49:47] [INFO] === Server Started ===
[2026-01-04 14:49:47] [INFO] Server starting on port 5500
[2026-01-04 14:49:47] [INFO] Database opened successfully
[2026-01-04 14:50:18] [INFO] Client connected: socket 7
[2026-01-04 14:50:21] [INFO] [AUTH] User 'dung' logged in. ELO: 1025
[2026-01-04 14:50:59] [INFO] [AUTH] User 'dung' logged in. ELO: 1025
[2026-01-04 14:51:35] [INFO] [ROOM] 'dung' created room 'hi' (ID: 100)
[2026-01-04 14:51:38] [INFO] [ROOM] Room 100 closed (empty)
[2026-01-04 14:52:37] [INFO] Client disconnected: dung (socket 7)
[2026-01-04 14:56:46] [INFO] Client connected: socket 7
[2026-01-04 14:56:52] [INFO] [AUTH] User 'dung' logged in. ELO: 1025
[2026-01-04 14:58:20] [INFO] Client disconnected: dung (socket 7)
[2026-01-04 14:58:30] [INFO] Client connected: socket 7
[2026-01-04 14:58:33] [INFO] [AUTH] User 'dung' logged in. ELO: 1025
[2026-01-04 14:58:39] [INFO] Client disconnected: dung (socket 7)
[2026-01-04 14:59:41] [INFO] Client connected: socket 7
[2026-01-04 14:59:44] [INFO] [AUTH] User 'dung' logged in. ELO: 1025
[2026-01-04 15:00:13] [INFO] Client disconnected: dung (socket 7)
[2026-01-04 15:03:40] [INFO] Client connected: socket 7
[2026-01-04 15:03:44] [INFO] [AUTH] User 'dung' logged in. ELO: 1025
[2026-01-04 15:03:53] [INFO] Client disconnected: dung (socket 7)
[2026-01-04 15:03:54] [INFO] Client connected: socket 7
[2026-01-04 15:03:57] [INFO] [AUTH] User 'dung' logged in. ELO: 1025
[2026-01-04 15:06:09] [INFO] Client disconnected: dung (socket 7)
[2026-01-04 15:09:49] [INFO] Client connected: socket 7
[2026-01-04 15:09:54] [INFO] [AUTH] User 'dung' logged in. ELO: 1025
[2026-01-04 15:10:00] [INFO] Client disconnected: dung (socket 7)
[2026-01-04 15:11:03] [INFO] Client connected: socket 7
[2026-01-04 15:11:09] [INFO] [AUTH] User 'dung' logged in. ELO: 1025
[2026-01-04 15:12:11] [INFO] Client disconnected: dung (socket 7)
[2026-01-04 15:16:05] [INFO] Client connected: socket 7
[2026-01-04 15:16:22] [INFO] [AUTH] User 'dung' logged in. ELO: 1025
[2026-01-04 15:16:34] [INFO] [AUTH] User 'dung' logged in. ELO: 1025
[2026-01-04 15:16:37] [INFO] [AUTH] User 'dung' logged in. ELO: 1025
[2026-01-04 15:16:44] [INFO] [ROOM] 'dung' created room 'hi' (ID: 101)
[2026-01-04 15:16:53] [INFO] [GAME] Game started with 1 players
[2026-01-04 15:16:55] [INFO] [GAME] Game ended: Tat ca nguoi choi da bi loai! (Duration: 1s)
[2026-01-04 15:16:55] [INFO] [GAME] Match result saved (ID: 2)
[2026-01-04 15:17:05] [INFO] [ROOM] Room 101 closed (empty)
[2026-01-04 15:17:08] [INFO] [AUTH] User 'dung' logged in. ELO: 1050
[2026-01-04 15:17:10] [INFO] Client disconnected: dung (socket 7)
