[2026-01-05 17:43:24] [INFO] === Server Started ===
[2026-01-05 17:43:24] [INFO] Server starting on port 5500
[2026-01-05 17:43:24] [INFO] Database opened successfully
[2026-01-05 17:43:26] [INFO] Client connected: socket 6
[2026-01-05 17:43:26] [INFO] [AUTH] New account created: 'HostBot'
[2026-01-05 17:43:27] [INFO] [AUTH] User 'HostBot' logged in. ELO: 1000
[2026-01-05 17:43:28] [INFO] [ROOM] 'HostBot' created room 'BotRoom' (ID: 100)
[2026-01-05 17:43:28] [INFO] Client connected: socket 7
[2026-01-05 17:43:28] [INFO] Client connected: socket 8
[2026-01-05 17:43:28] [INFO] Client connected: socket 9
[2026-01-05 17:43:28] [INFO] Client connected: socket 11
[2026-01-05 17:43:28] [INFO] Client connected: socket 12
[2026-01-05 17:43:28] [INFO] [AUTH] New account created: 'Player4'
[2026-01-05 17:43:28] [INFO] [AUTH] New account created: 'Player3'
[2026-01-05 17:43:28] [INFO] [AUTH] New account created: 'Player5'
[2026-01-05 17:43:28] [INFO] [AUTH] New account created: 'Player1'
[2026-01-05 17:43:28] [INFO] [AUTH] New account created: 'Player2'
[2026-01-05 17:43:29] [INFO] [AUTH] User 'Player5' logged in. ELO: 1000
[2026-01-05 17:43:29] [INFO] [AUTH] User 'Player4' logged in. ELO: 1000
[2026-01-05 17:43:29] [INFO] [AUTH] User 'Player2' logged in. ELO: 1000
[2026-01-05 17:43:29] [INFO] [AUTH] User 'Player3' logged in. ELO: 1000
[2026-01-05 17:43:29] [INFO] [AUTH] User 'Player1' logged in. ELO: 1000
[2026-01-05 17:43:31] [INFO] [ROOM] 'Player5' joined room 100
[2026-01-05 17:43:31] [INFO] [ROOM] 'Player4' joined room 100
[2026-01-05 17:43:31] [INFO] [ROOM] 'Player2' joined room 100
[2026-01-05 17:43:31] [INFO] [ROOM] 'Player3' joined room 100
[2026-01-05 17:43:31] [INFO] [ROOM] 'Player1' joined room 100
[2026-01-05 17:43:33] [INFO] [GAME] Game started with 6 players
[2026-01-05 17:43:44] [INFO] Client disconnected: Player2 (socket 12)
[2026-01-05 17:43:44] [INFO] Client disconnected: Player3 (socket 8)
[2026-01-05 17:43:44] [INFO] Client disconnected: Player1 (socket 11)
[2026-01-05 17:43:47] [INFO] Client disconnected: Player5 (socket 9)
[2026-01-05 17:43:49] [INFO] [GAME] Game ended: Final Round Complete! (Duration: 16s)
[2026-01-05 17:43:49] [INFO] [GAME] Match result saved (ID: 1)
[2026-01-05 17:43:50] [INFO] Client disconnected: HostBot (socket 6)
[2026-01-05 17:43:50] [INFO] [ROOM] Room 100 closed (empty)
[2026-01-05 17:43:50] [INFO] Client disconnected: Player4 (socket 7)
