[2026-01-06 16:19:57] [INFO] === Server Started ===
[2026-01-06 16:19:57] [INFO] Server starting on port 5500
[2026-01-06 16:19:57] [INFO] Database opened successfully
[2026-01-06 16:19:59] [INFO] Client connected: socket 6
[2026-01-06 16:19:59] [INFO] [AUTH] New account created: 'HostBot'
[2026-01-06 16:20:00] [INFO] [AUTH] User 'HostBot' logged in. ELO: 1000
[2026-01-06 16:20:01] [INFO] [ROOM] 'HostBot' created room 'BotRoom' (ID: 100)
[2026-01-06 16:20:01] [INFO] Client connected: socket 7
[2026-01-06 16:20:01] [INFO] Client connected: socket 8
[2026-01-06 16:20:01] [INFO] Client connected: socket 9
[2026-01-06 16:20:01] [INFO] Client connected: socket 10
[2026-01-06 16:20:01] [INFO] Client connected: socket 12
[2026-01-06 16:20:01] [INFO] [AUTH] New account created: 'Player4'
[2026-01-06 16:20:01] [INFO] [AUTH] New account created: 'Player3'
[2026-01-06 16:20:01] [INFO] [AUTH] New account created: 'Player5'
[2026-01-06 16:20:01] [INFO] [AUTH] New account created: 'Player2'
[2026-01-06 16:20:01] [INFO] [AUTH] New account created: 'Player1'
[2026-01-06 16:20:02] [INFO] [AUTH] User 'Player1' logged in. ELO: 1000
[2026-01-06 16:20:02] [INFO] [AUTH] User 'Player3' logged in. ELO: 1000
[2026-01-06 16:20:02] [INFO] [AUTH] User 'Player4' logged in. ELO: 1000
[2026-01-06 16:20:02] [INFO] [AUTH] User 'Player5' logged in. ELO: 1000
[2026-01-06 16:20:02] [INFO] [AUTH] User 'Player2' logged in. ELO: 1000
[2026-01-06 16:20:04] [INFO] [ROOM] 'Player1' joined room 100
[2026-01-06 16:20:04] [INFO] [ROOM] 'Player5' joined room 100
[2026-01-06 16:20:04] [INFO] [ROOM] 'Player3' joined room 100
[2026-01-06 16:20:04] [INFO] [ROOM] 'Player2' joined room 100
[2026-01-06 16:20:04] [INFO] [ROOM] 'Player4' joined room 100
[2026-01-06 16:20:06] [INFO] [GAME] Game started with 6 players
[2026-01-06 16:20:18] [INFO] Client disconnected: Player2 (socket 12)
[2026-01-06 16:20:18] [INFO] Client disconnected: Player5 (socket 10)
[2026-01-06 16:20:18] [INFO] Client disconnected: Player3 (socket 9)
[2026-01-06 16:20:21] [INFO] Client disconnected: Player4 (socket 8)
[2026-01-06 16:20:23] [INFO] [GAME] Game ended: Final Round Complete! (Duration: 17s)
[2026-01-06 16:20:23] [INFO] [GAME] Match result saved (ID: 1)
[2026-01-06 16:20:24] [INFO] Client disconnected: Player1 (socket 7)
[2026-01-06 16:20:24] [INFO] [ROOM] Room 100 closed (empty)
[2026-01-06 16:20:24] [INFO] Client disconnected: HostBot (socket 6)
