[2026-01-06 10:38:57] [INFO] === Server Started ===
[2026-01-06 10:38:57] [INFO] Server starting on port 5500
[2026-01-06 10:38:57] [INFO] Database opened successfully
[2026-01-06 10:39:01] [INFO] Client connected: socket 7
[2026-01-06 10:39:10] [INFO] [AUTH] New account created: 'dung'
[2026-01-06 10:39:13] [INFO] [AUTH] User 'dung' logged in. ELO: 1000
[2026-01-06 10:39:18] [INFO] Client disconnected: dung (socket 7)
[2026-01-06 10:39:23] [INFO] Client connected: socket 7
[2026-01-06 10:39:31] [WARN] [AUTH] Account creation failed - user 'dung' exists
[2026-01-06 10:39:31] [WARN] [AUTH] Account creation failed - user 'dung' exists
[2026-01-06 10:39:33] [INFO] [AUTH] User 'dung' logged in. ELO: 1000
[2026-01-06 10:39:37] [INFO] Client disconnected: dung (socket 7)
[2026-01-06 10:39:43] [INFO] Client connected: socket 7
[2026-01-06 10:39:47] [INFO] [AUTH] User 'dung' logged in. ELO: 1000
[2026-01-06 10:41:28] [INFO] Client connected: socket 8
[2026-01-06 10:41:39] [INFO] [AUTH] New account created: 'nminh'
[2026-01-06 10:41:39] [WARN] [AUTH] Account creation failed - user 'nminh' exists
[2026-01-06 10:41:41] [INFO] [AUTH] User 'nminh' logged in. ELO: 1000
[2026-01-06 10:41:44] [INFO] Client disconnected: nminh (socket 8)
[2026-01-06 10:41:48] [INFO] Client connected: socket 8
[2026-01-06 10:41:53] [INFO] [AUTH] User 'nminh' logged in. ELO: 1000
[2026-01-06 10:41:58] [INFO] [ROOM] 'dung' created room '' (ID: 100)
[2026-01-06 10:42:02] [INFO] [ROOM] 'nminh' joined room 100
[2026-01-06 10:42:16] [INFO] [GAME] Game started with 2 players
[2026-01-06 10:59:50] [INFO] Client disconnected: dung (socket 7)
[2026-01-06 10:59:51] [INFO] [ROOM] Room 100 closed (empty)
[2026-01-06 10:59:51] [INFO] Client disconnected: nminh (socket 8)
