[2026-01-05 17:35:17] [INFO] === Server Started ===
[2026-01-05 17:35:17] [INFO] Server starting on port 5500
[2026-01-05 17:35:17] [INFO] Database opened successfully
[2026-01-05 17:35:19] [INFO] Client connected: socket 6
[2026-01-05 17:35:19] [INFO] [AUTH] New account created: 'HostBot'
[2026-01-05 17:35:19] [INFO] [AUTH] User 'HostBot' logged in. ELO: 1000
[2026-01-05 17:35:20] [INFO] [ROOM] 'HostBot' created room 'BotRoom' (ID: 100)
[2026-01-05 17:35:21] [INFO] Client connected: socket 7
[2026-01-05 17:35:21] [INFO] Client connected: socket 8
[2026-01-05 17:35:21] [INFO] Client connected: socket 9
[2026-01-05 17:35:21] [INFO] [AUTH] New account created: 'Player3'
[2026-01-05 17:35:21] [INFO] [AUTH] New account created: 'Player1'
[2026-01-05 17:35:21] [INFO] [AUTH] New account created: 'Player2'
[2026-01-05 17:35:21] [INFO] [AUTH] User 'Player3' logged in. ELO: 1000
[2026-01-05 17:35:21] [INFO] [AUTH] User 'Player2' logged in. ELO: 1000
[2026-01-05 17:35:21] [INFO] [AUTH] User 'Player1' logged in. ELO: 1000
[2026-01-05 17:35:23] [INFO] [ROOM] 'Player3' joined room 100
[2026-01-05 17:35:23] [INFO] [ROOM] 'Player1' joined room 100
[2026-01-05 17:35:23] [INFO] [ROOM] 'Player2' joined room 100
[2026-01-05 17:35:25] [INFO] [GAME] Game started with 4 players
[2026-01-05 17:35:32] [INFO] Client disconnected: Player3 (socket 7)
[2026-01-05 17:35:36] [INFO] Client disconnected: Player2 (socket 9)
[2026-01-05 17:35:38] [INFO] [GAME] Game ended: Final Round Complete! (Duration: 12s)
[2026-01-05 17:35:38] [INFO] [GAME] Match result saved (ID: 1)
[2026-01-05 17:35:38] [INFO] Client disconnected: HostBot (socket 6)
[2026-01-05 17:35:38] [INFO] [ROOM] Room 100 closed (empty)
[2026-01-05 17:35:38] [INFO] Client disconnected: Player1 (socket 8)
