[2026-01-05 17:30:17] [INFO] === Server Started ===
[2026-01-05 17:30:17] [INFO] Server starting on port 5500
[2026-01-05 17:30:18] [INFO] Database opened successfully
[2026-01-05 17:30:19] [INFO] Client connected: socket 6
[2026-01-05 17:30:20] [INFO] [AUTH] New account created: 'HostBot'
[2026-01-05 17:30:20] [INFO] [AUTH] User 'HostBot' logged in. ELO: 1000
[2026-01-05 17:30:21] [INFO] [ROOM] 'HostBot' created room 'BotRoom' (ID: 100)
[2026-01-05 17:30:21] [INFO] Client connected: socket 7
[2026-01-05 17:30:21] [INFO] Client connected: socket 8
[2026-01-05 17:30:21] [INFO] Client connected: socket 10
[2026-01-05 17:30:22] [INFO] [AUTH] New account created: 'Player2'
[2026-01-05 17:30:22] [INFO] [AUTH] New account created: 'Player1'
[2026-01-05 17:30:22] [INFO] [AUTH] New account created: 'Player3'
[2026-01-05 17:30:22] [INFO] [AUTH] User 'Player3' logged in. ELO: 1000
[2026-01-05 17:30:22] [INFO] [AUTH] User 'Player1' logged in. ELO: 1000
[2026-01-05 17:30:22] [INFO] [AUTH] User 'Player2' logged in. ELO: 1000
[2026-01-05 17:30:24] [INFO] [ROOM] 'Player2' joined room 100
[2026-01-05 17:30:24] [INFO] [ROOM] 'Player3' joined room 100
[2026-01-05 17:30:24] [INFO] [ROOM] 'Player1' joined room 100
[2026-01-05 17:30:26] [INFO] [GAME] Game started with 4 players
[2026-01-05 17:30:33] [INFO] Client disconnected: Player2 (socket 7)
[2026-01-05 17:30:37] [INFO] Client disconnected: Player3 (socket 10)
[2026-01-05 17:30:40] [INFO] [GAME] Game ended: Final Round Complete! (Duration: 13s)
[2026-01-05 17:30:40] [INFO] [GAME] Match result saved (ID: 1)
[2026-01-05 17:30:40] [INFO] Client disconnected: HostBot (socket 6)
[2026-01-05 17:30:40] [INFO] [ROOM] Room 100 closed (empty)
[2026-01-05 17:30:40] [INFO] Client disconnected: Player1 (socket 8)
