[2026-01-06 19:08:40] [INFO] === Server Started ===
[2026-01-06 19:08:40] [INFO] Server starting on port 5500
[2026-01-06 19:08:40] [INFO] Database opened successfully
[2026-01-06 19:08:42] [INFO] Client connected: socket 6
[2026-01-06 19:08:42] [INFO] [AUTH] New account created: 'HostBot'
[2026-01-06 19:08:43] [INFO] [AUTH] User 'HostBot' logged in. ELO: 1000
[2026-01-06 19:08:44] [INFO] [ROOM] 'HostBot' created room 'BotRoom' (ID: 100)
[2026-01-06 19:08:44] [INFO] Client connected: socket 7
[2026-01-06 19:08:44] [INFO] Client connected: socket 8
[2026-01-06 19:08:44] [INFO] Client connected: socket 9
[2026-01-06 19:08:44] [INFO] Client connected: socket 11
[2026-01-06 19:08:44] [INFO] Client connected: socket 12
[2026-01-06 19:08:44] [INFO] [AUTH] New account created: 'Player1'
[2026-01-06 19:08:44] [INFO] [AUTH] New account created: 'Player3'
[2026-01-06 19:08:44] [INFO] [AUTH] New account created: 'Player4'
[2026-01-06 19:08:44] [INFO] [AUTH] New account created: 'Player2'
[2026-01-06 19:08:44] [INFO] [AUTH] New account created: 'Player5'
[2026-01-06 19:08:45] [INFO] [AUTH] User 'Player2' logged in. ELO: 1000
[2026-01-06 19:08:45] [INFO] [AUTH] User 'Player5' logged in. ELO: 1000
[2026-01-06 19:08:45] [INFO] [AUTH] User 'Player4' logged in. ELO: 1000
[2026-01-06 19:08:45] [INFO] [AUTH] User 'Player3' logged in. ELO: 1000
[2026-01-06 19:08:45] [INFO] [AUTH] User 'Player1' logged in. ELO: 1000
[2026-01-06 19:08:47] [INFO] [ROOM] 'Player4' joined room 100
[2026-01-06 19:08:47] [INFO] [ROOM] 'Player3' joined room 100
[2026-01-06 19:08:47] [INFO] [ROOM] 'Player5' joined room 100
[2026-01-06 19:08:47] [INFO] [ROOM] 'Player1' joined room 100
[2026-01-06 19:08:47] [INFO] [ROOM] 'Player2' joined room 100
[2026-01-06 19:08:49] [INFO] [GAME] Game started with 6 players
[2026-01-06 19:09:01] [INFO] Client disconnected: Player5 (socket 12)
[2026-01-06 19:09:01] [INFO] Client disconnected: HostBot (socket 6)
[2026-01-06 19:09:01] [INFO] Client disconnected: Player1 (socket 7)
[2026-01-06 19:09:04] [INFO] Client disconnected: Player2 (socket 11)
[2026-01-06 19:09:05] [INFO] [GAME] Game ended: Final Round Complete! (Duration: 16s)
[2026-01-06 19:09:05] [INFO] [GAME] Match result saved (ID: 1)
[2026-01-06 19:09:04] [INFO] Client disconnected: Player4 (socket 9)
[2026-01-06 19:09:04] [INFO] [ROOM] Room 100 closed (empty)
[2026-01-06 19:09:04] [INFO] Client disconnected: Player3 (socket 8)
[2026-01-06 19:10:16] [INFO] Client connected: socket 13
[2026-01-06 19:10:23] [INFO] Client disconnected: socket 13
[2026-01-06 19:10:46] [INFO] Client connected: socket 6
[2026-01-06 19:10:57] [INFO] Client disconnected: socket 6
[2026-01-06 19:12:21] [INFO] Client connected: socket 7
[2026-01-06 19:12:31] [INFO] [AUTH] New account created: 'huy'
[2026-01-06 19:12:34] [INFO] [AUTH] User 'huy' logged in. ELO: 1000
